
mikeg@DESKTOP-08SFT5R MINGW64 ~
$ pwd
/c/Users/mikeg

mikeg@DESKTOP-08SFT5R MINGW64 ~
$ cd desktop

mikeg@DESKTOP-08SFT5R MINGW64 ~/desktop
$ mkdir GitHubAssignment

mikeg@DESKTOP-08SFT5R MINGW64 ~/desktop
$ cd GitHubAssignment

mikeg@DESKTOP-08SFT5R MINGW64 ~/desktop/GitHubAssignment
$ git init
Initialized empty Git repository in C:/Users/mikeg/Desktop/GitHubAssignment/.git/

mikeg@DESKTOP-08SFT5R MINGW64 ~/desktop/GitHubAssignment (master)
$ touch readme.md

mikeg@DESKTOP-08SFT5R MINGW64 ~/desktop/GitHubAssignment (master)
$ git status
On branch master

Initial commit

Untracked files:
  (use "git add <file>..." to include in what will be committed)

        readme.md

nothing added to commit but untracked files present (use "git add" to track)


mikeg@DESKTOP-08SFT5R MINGW64 ~/desktop/GitHubAssignment (master)
$ git add .

mikeg@DESKTOP-08SFT5R MINGW64 ~/desktop/GitHubAssignment (master)
$ git commit -m "added new readme.md file"
[master (root-commit) 8300cdf] added new readme.md file
 1 file changed, 0 insertions(+), 0 deletions(-)
 create mode 100644 readme.md

mikeg@DESKTOP-08SFT5R MINGW64 ~/desktop/GitHubAssignment (master)
$ git remote add origin https://github.com/mgerri01/GitHubRepoAssignment.git

mikeg@DESKTOP-08SFT5R MINGW64 ~/desktop/GitHubAssignment (master)
$ git push -u origin master
Counting objects: 3, done.
Writing objects: 100% (3/3), 219 bytes | 0 bytes/s, done.
Total 3 (delta 0), reused 0 (delta 0)
To https://github.com/mgerri01/GitHubRepoAssignment.git
 * [new branch]      master -> master
Branch master set up to track remote branch master from origin.

mikeg@DESKTOP-08SFT5R MINGW64 ~/desktop/GitHubAssignment (master)
$ touch GitHubAssignment.txt